###############################################################################
#
# IAR ELF Linker V7.20.2.7424/W32 for ARM                 15/Dec/2017  14:35:55
# Copyright 2007-2014 IAR Systems AB.
#
#    Output file  =  D:\WorkSpace\IAR\HC-SRO4\EWARM\HC-SRO4\Exe\HC-SRO4.out
#    Map file     =  D:\WorkSpace\IAR\HC-SRO4\EWARM\HC-SRO4/List\HC-SRO4.map
#    Command line =  
#        D:\WorkSpace\IAR\HC-SRO4\EWARM\HC-SRO4\Obj\main.o
#        D:\WorkSpace\IAR\HC-SRO4\EWARM\HC-SRO4\Obj\startup_stm32f103xb.o
#        D:\WorkSpace\IAR\HC-SRO4\EWARM\HC-SRO4\Obj\stm32f1xx_hal.o
#        D:\WorkSpace\IAR\HC-SRO4\EWARM\HC-SRO4\Obj\stm32f1xx_hal_cortex.o
#        D:\WorkSpace\IAR\HC-SRO4\EWARM\HC-SRO4\Obj\stm32f1xx_hal_dma.o
#        D:\WorkSpace\IAR\HC-SRO4\EWARM\HC-SRO4\Obj\stm32f1xx_hal_flash.o
#        D:\WorkSpace\IAR\HC-SRO4\EWARM\HC-SRO4\Obj\stm32f1xx_hal_flash_ex.o
#        D:\WorkSpace\IAR\HC-SRO4\EWARM\HC-SRO4\Obj\stm32f1xx_hal_gpio.o
#        D:\WorkSpace\IAR\HC-SRO4\EWARM\HC-SRO4\Obj\stm32f1xx_hal_gpio_ex.o
#        D:\WorkSpace\IAR\HC-SRO4\EWARM\HC-SRO4\Obj\stm32f1xx_hal_msp.o
#        D:\WorkSpace\IAR\HC-SRO4\EWARM\HC-SRO4\Obj\stm32f1xx_hal_pwr.o
#        D:\WorkSpace\IAR\HC-SRO4\EWARM\HC-SRO4\Obj\stm32f1xx_hal_rcc.o
#        D:\WorkSpace\IAR\HC-SRO4\EWARM\HC-SRO4\Obj\stm32f1xx_hal_rcc_ex.o
#        D:\WorkSpace\IAR\HC-SRO4\EWARM\HC-SRO4\Obj\stm32f1xx_hal_tim.o
#        D:\WorkSpace\IAR\HC-SRO4\EWARM\HC-SRO4\Obj\stm32f1xx_hal_tim_ex.o
#        D:\WorkSpace\IAR\HC-SRO4\EWARM\HC-SRO4\Obj\stm32f1xx_hal_uart.o
#        D:\WorkSpace\IAR\HC-SRO4\EWARM\HC-SRO4\Obj\stm32f1xx_it.o
#        D:\WorkSpace\IAR\HC-SRO4\EWARM\HC-SRO4\Obj\system_stm32f1xx.o
#        --redirect _Printf=_PrintfFull --redirect _Scanf=_ScanfFull -o
#        D:\WorkSpace\IAR\HC-SRO4\EWARM\HC-SRO4\Exe\HC-SRO4.out --map
#        D:\WorkSpace\IAR\HC-SRO4\EWARM\HC-SRO4/List\HC-SRO4.map --config
#        D:\WorkSpace\IAR\HC-SRO4\EWARM/stm32f103xb_flash.icf --semihosting
#        --entry __iar_program_start --vfe
#
###############################################################################

*******************************************************************************
*** RUNTIME MODEL ATTRIBUTES
***

CppFlavor                     = *
__Heap_Handler                = Basic
__SystemLibrary               = DLib
__dlib_dynamic_initialization = normal


*******************************************************************************
*** PLACEMENT SUMMARY
***

"A1":  place at 0x08000000 { ro section .intvec };
"P1":  place in [from 0x08000000 to 0x0801ffff] { ro };
"P2":  place in [from 0x20000000 to 0x20004fff] { rw, block CSTACK, block HEAP };

  Section             Kind        Address    Size  Object
  -------             ----        -------    ----  ------
"A1":                                        0xec
  .intvec             ro code  0x08000000    0xec  startup_stm32f103xb.o [1]
                             - 0x080000ec    0xec

"P1":                                      0x38ed
  .text               ro code  0x080000ec  0x114e  xprintffull.o [3]
  .text               ro code  0x0800123a    0x20  xmbtowc.o [3]
  .text               ro code  0x0800125a    0x22  zero_init3.o [5]
  .text               ro code  0x0800127c    0x16  strchr.o [5]
  .text               ro code  0x08001294    0x36  strlen.o [5]
  .text               ro code  0x080012cc    0x58  memchr.o [5]
  .text               ro code  0x08001324     0xa  xmbcurmax.o [3]
  .text               ro code  0x08001330    0xb0  xxmemxmalloc.o [3]
  .text               ro code  0x080013e0    0x1a  xwctomb.o [3]
  .text               ro code  0x080013fc    0x76  ABImemcpy_unaligned.o [5]
  .text               ro code  0x08001474    0x80  xxmemxfree.o [3]
  .text               ro code  0x080014f4    0xee  I64DivMod.o [5]
  .text               ro code  0x080015e2    0x42  xdnorm.o [4]
  .text               ro code  0x08001624    0x2e  DblCmpLe.o [4]
  .text               ro code  0x08001654    0x2e  DblCmpGe.o [4]
  .text               ro code  0x08001684   0x10c  xdscale.o [4]
  .text               ro code  0x08001790    0x58  DblToI32.o [4]
  .text               ro code  0x080017e8    0x30  I32ToDbl.o [4]
  .text               ro code  0x08001818   0x180  DblSub.o [4]
  .text               ro code  0x08001998   0x1a2  DblMul.o [4]
  .text               ro code  0x08001b3c   0x246  DblDiv.o [4]
  .text               ro code  0x08001d84    0x6c  localeconv.o [3]
  .text               ro code  0x08001df0     0xe  div.o [3]
  .text               ro code  0x08001e00    0x14  setlocale.o [3]
  .text               ro code  0x08001e14    0x60  xencoding_sb.o [3]
  .text               ro code  0x08001e74    0x2c  xgetmemchunk.o [3]
  .text               ro code  0x08001ea0     0x2  I64DivZer.o [5]
  .text               ro code  0x08001ea4    0xd4  DblAdd.o [4]
  .text               ro code  0x08001f78     0x2  xtls.o [3]
  .text               ro code  0x08001f7c   0x4aa  stm32f1xx_hal_rcc.o [1]
  .text               ro code  0x08002428    0x74  stm32f1xx_hal.o [1]
  .text               ro code  0x0800249c    0xde  stm32f1xx_hal_cortex.o [1]
  .text               ro code  0x0800257c   0x104  stm32f1xx_hal_msp.o [1]
  .text               ro code  0x08002680   0x1c0  stm32f1xx_hal_gpio.o [1]
  .text               ro code  0x08002840   0x278  main.o [1]
  .text               ro code  0x08002ab8   0x20a  stm32f1xx_hal_tim.o [1]
  .text               ro code  0x08002cc4    0x56  stm32f1xx_hal_tim_ex.o [1]
  .text               ro code  0x08002d1c   0x14c  stm32f1xx_hal_uart.o [1]
  .text               ro code  0x08002e68    0x24  printf.o [3]
  .text               ro code  0x08002e8c    0x2e  I32ToFlt.o [4]
  .text               ro code  0x08002ebc    0xfc  FltDiv.o [4]
  .text               ro code  0x08002fb8    0x4e  FltToDbl.o [4]
  .text               ro code  0x08003008    0xe0  XShHandles.o [3]
  .text               ro code  0x080030e8    0xd6  xfspos.o [3]
  .text               ro code  0x080031c0    0xb0  fflush.o [3]
  .text               ro code  0x08003270     0xc  xfgpos.o [3]
  .text               ro code  0x0800327c    0x4c  lseek.o [6]
  .text               ro code  0x080032c8     0xc  errno.o [3]
  .text               ro code  0x080032d4     0x4  xsyslock_nop.o [3]
  .text               ro code  0x080032d8    0x10  write.o [6]
  .text               ro code  0x080032e8    0x1e  dwrite.o [6]
  .text               ro code  0x08003306    0x20  iarwstd.o [6]
  .text               ro code  0x08003326    0x22  iarwrite.o [6]
  .text               ro code  0x08003348    0x6c  iarttio.o [6]
  .text               ro code  0x080033b4     0x8  XShttio.o [3]
  .text               ro code  0x080033bc    0xd2  packbits_init.o [5]
  .text               ro code  0x0800348e     0x6  abort.o [3]
  .text               ro code  0x08003494    0x14  exit.o [6]
  .text               ro code  0x080034a8    0xb6  xfwprep.o [3]
  .text               ro code  0x0800355e    0x22  fseek.o [3]
  .text               ro code  0x08003580    0x7c  xfofind.o [3]
  .text               ro code  0x080035fc    0x7a  fclose.o [3]
  .text               ro code  0x08003676    0x1a  close.o [6]
  .text               ro code  0x08003690    0x16  remove.o [6]
  .text               ro code  0x080036a8    0x5c  system_stm32f1xx.o [1]
  .text               ro code  0x08003704    0x58  xcloseall.o [3]
  .text               ro code  0x0800375c    0x56  fputc.o [3]
  .text               ro code  0x080037b4    0x28  data_init.o [5]
  .iar.init_table     const    0x080037dc    0x2c  - Linker created -
  .text               ro code  0x08003808    0x1e  stm32f1xx_it.o [1]
  .text               ro code  0x08003828    0x1a  cmain.o [5]
  .text               ro code  0x08003842     0x4  low_level_init.o [3]
  .text               ro code  0x08003846     0x4  exit.o [3]
  .text               ro code  0x0800384c     0xe  cexit.o [5]
  .text               ro code  0x0800385a    0x16  xprout.o [3]
  .text               ro code  0x08003870     0xc  putchar.o [3]
  .text               ro code  0x0800387c    0x10  startup_stm32f103xb.o [1]
  .text               ro code  0x0800388c     0xc  cstartup_M.o [5]
  .rodata             const    0x08003898     0x8  system_stm32f1xx.o [1]
  .text               ro code  0x080038a0     0x4  startup_stm32f103xb.o [1]
  .text               ro code  0x080038a4     0x4  startup_stm32f103xb.o [1]
  .text               ro code  0x080038a8     0x4  startup_stm32f103xb.o [1]
  .text               ro code  0x080038ac     0x4  startup_stm32f103xb.o [1]
  .text               ro code  0x080038b0     0x4  startup_stm32f103xb.o [1]
  .text               ro code  0x080038b4     0x4  startup_stm32f103xb.o [1]
  .text               ro code  0x080038b8     0x4  startup_stm32f103xb.o [1]
  .text               ro code  0x080038bc     0x4  startup_stm32f103xb.o [1]
  .text               ro code  0x080038c0     0x4  startup_stm32f103xb.o [1]
  .text               ro code  0x080038c4     0x4  startup_stm32f103xb.o [1]
  .text               ro code  0x080038c8     0x4  startup_stm32f103xb.o [1]
  .text               ro code  0x080038cc     0x4  startup_stm32f103xb.o [1]
  .text               ro code  0x080038d0     0x4  startup_stm32f103xb.o [1]
  .text               ro code  0x080038d4     0x4  startup_stm32f103xb.o [1]
  .text               ro code  0x080038d8     0x4  startup_stm32f103xb.o [1]
  .text               ro code  0x080038dc     0x4  startup_stm32f103xb.o [1]
  .text               ro code  0x080038e0     0x4  startup_stm32f103xb.o [1]
  .text               ro code  0x080038e4     0x4  startup_stm32f103xb.o [1]
  .text               ro code  0x080038e8     0x4  startup_stm32f103xb.o [1]
  .text               ro code  0x080038ec     0x4  startup_stm32f103xb.o [1]
  .text               ro code  0x080038f0     0x4  startup_stm32f103xb.o [1]
  .text               ro code  0x080038f4     0x4  startup_stm32f103xb.o [1]
  .text               ro code  0x080038f8     0x4  startup_stm32f103xb.o [1]
  .text               ro code  0x080038fc     0x4  startup_stm32f103xb.o [1]
  .text               ro code  0x08003900     0x4  startup_stm32f103xb.o [1]
  .text               ro code  0x08003904     0x4  startup_stm32f103xb.o [1]
  .text               ro code  0x08003908     0x4  startup_stm32f103xb.o [1]
  .text               ro code  0x0800390c     0x4  startup_stm32f103xb.o [1]
  .text               ro code  0x08003910     0x4  startup_stm32f103xb.o [1]
  .text               ro code  0x08003914     0x4  startup_stm32f103xb.o [1]
  .text               ro code  0x08003918     0x4  startup_stm32f103xb.o [1]
  .text               ro code  0x0800391c     0x4  startup_stm32f103xb.o [1]
  .text               ro code  0x08003920     0x4  startup_stm32f103xb.o [1]
  .text               ro code  0x08003924     0x4  startup_stm32f103xb.o [1]
  .text               ro code  0x08003928     0x4  startup_stm32f103xb.o [1]
  .text               ro code  0x0800392c     0x4  startup_stm32f103xb.o [1]
  .text               ro code  0x08003930     0x4  startup_stm32f103xb.o [1]
  .text               ro code  0x08003934     0x4  startup_stm32f103xb.o [1]
  .text               ro code  0x08003938     0x4  startup_stm32f103xb.o [1]
  .text               ro code  0x0800393c     0x4  startup_stm32f103xb.o [1]
  .text               ro code  0x08003940     0x4  startup_stm32f103xb.o [1]
  .text               ro code  0x08003944     0x4  startup_stm32f103xb.o [1]
  .text               ro code  0x08003948     0x4  startup_stm32f103xb.o [1]
  .text               ro code  0x0800394c     0x0  cstart_closeall.o [5]
  .rodata             const    0x0800394c     0x0  zero_init3.o [5]
  .rodata             const    0x0800394c     0x0  packbits_init.o [5]
  Initializer bytes   ro data  0x0800394c    0x8d  <for P2 s0>
                             - 0x080039d9  0x38ed

"P2":                                       0x9a8
  P2 s0                        0x20000000   0x1ec  <Init block>
    __DLIB_PERTHREAD  inited   0x20000000    0x88  localeconv.o [3]
    __DLIB_PERTHREAD  inited   0x20000088    0x74  setlocale.o [3]
    .data             inited   0x200000fc    0x40  xfiles.o [3]
    .data             inited   0x2000013c    0x40  xfiles.o [3]
    .data             inited   0x2000017c    0x40  xfiles.o [3]
    .data             inited   0x200001bc    0x20  xfiles.o [3]
    .data             inited   0x200001dc     0x8  XShttio.o [3]
    .data             inited   0x200001e4     0x4  system_stm32f1xx.o [1]
    __DLIB_PERTHREAD  inited   0x200001e8     0x4  errno.o [3]
  .bss                zero     0x200001ec    0x88  main.o [1]
  .bss                zero     0x20000274    0x80  XShHandles.o [3]
  .bss                zero     0x200002f4    0x50  xfiles.o [3]
  .bss                zero     0x20000344    0x50  xfiles.o [3]
  .bss                zero     0x20000394     0x8  xxmemxmalloc.o [3]
  .bss                zero     0x2000039c     0x4  stm32f1xx_hal.o [1]
  .bss                zero     0x200003a0     0x4  xgetmemchunk.o [3]
  CSTACK                       0x200003a8   0x400  <Block>
    CSTACK            uninit   0x200003a8   0x400  <Block tail>
  HEAP                         0x200007a8   0x200  <Block>
    HEAP              uninit   0x200007a8   0x200  <Block tail>
                             - 0x200009a8   0x9a8


*******************************************************************************
*** INIT TABLE
***

          Address     Size
          -------     ----
Zero (__iar_zero_init3)
    1 destination range, total size 0x1b8:
          0x200001ec  0x1b8

Copy/packbits (__iar_packbits_init3)
    1 source range, total size 0x8d (28% of destination):
          0x0800394c   0x8d
    1 destination range, total size 0x1ec:
          0x20000000  0x1ec



*******************************************************************************
*** MODULE SUMMARY
***

    Module                  ro code  ro data  rw data
    ------                  -------  -------  -------
D:\WorkSpace\IAR\HC-SRO4\EWARM\HC-SRO4\Obj: [1]
    main.o                      632               136
    startup_stm32f103xb.o       424
    stm32f1xx_hal.o             116                 4
    stm32f1xx_hal_cortex.o      222
    stm32f1xx_hal_gpio.o        448
    stm32f1xx_hal_msp.o         260
    stm32f1xx_hal_rcc.o       1 194
    stm32f1xx_hal_tim.o         522
    stm32f1xx_hal_tim_ex.o       86
    stm32f1xx_hal_uart.o        332
    stm32f1xx_it.o               30
    system_stm32f1xx.o           92        9        4
    -------------------------------------------------
    Total:                    4 358        9      144

command line: [2]
    -------------------------------------------------
    Total:

dl7M_tlf.a: [3]
    XShHandles.o                224               128
    XShttio.o                     8        2        8
    abort.o                       6
    div.o                        14
    errno.o                      12        2        4
    exit.o                        4
    fclose.o                    122
    fflush.o                    176
    fputc.o                      86
    fseek.o                      34
    localeconv.o                108       38      136
    low_level_init.o              4
    printf.o                     36
    putchar.o                    12
    setlocale.o                  20       34      116
    xcloseall.o                  88
    xencoding_sb.o               96
    xfgpos.o                     12
    xfiles.o                              64      384
    xfofind.o                   124
    xfspos.o                    214
    xfwprep.o                   182
    xgetmemchunk.o               44                 4
    xmbcurmax.o                  10
    xmbtowc.o                    32
    xprintffull.o             4 430
    xprout.o                     22
    xsyslock_nop.o                4
    xtls.o                        2
    xwctomb.o                    26
    xxmemxfree.o                128
    xxmemxmalloc.o              176                 8
    -------------------------------------------------
    Total:                    6 456      140      788

m7M_tl.a: [4]
    DblAdd.o                    212
    DblCmpGe.o                   46
    DblCmpLe.o                   46
    DblDiv.o                    582
    DblMul.o                    418
    DblSub.o                    384
    DblToI32.o                   88
    FltDiv.o                    252
    FltToDbl.o                   78
    I32ToDbl.o                   48
    I32ToFlt.o                   46
    xdnorm.o                     66
    xdscale.o                   268
    -------------------------------------------------
    Total:                    2 534

rt7M_tl.a: [5]
    ABImemcpy_unaligned.o       118
    I64DivMod.o                 238
    I64DivZer.o                   2
    cexit.o                      14
    cmain.o                      26
    cstart_closeall.o
    cstartup_M.o                 12
    data_init.o                  40
    memchr.o                     88
    packbits_init.o             210
    strchr.o                     22
    strlen.o                     54
    zero_init3.o                 34
    -------------------------------------------------
    Total:                      858

shb_l.a: [6]
    close.o                      26
    dwrite.o                     30
    exit.o                       20
    iarttio.o                   108
    iarwrite.o                   34
    iarwstd.o                    32
    lseek.o                      76
    remove.o                     22
    write.o                      16
    -------------------------------------------------
    Total:                      364

    Gaps                         46
    Linker created                        44    1 536
-----------------------------------------------------
    Grand Total:             14 616      193    2 468


*******************************************************************************
*** ENTRY LIST
***

Entry                      Address   Size  Type      Object
-----                      -------   ----  ----      ------
?main                   0x08003829         Code  Gb  cmain.o [5]
AHBPrescTable           0x080036f4   0x10  Data  Gb  system_stm32f1xx.o [1]
APBPrescTable           0x08003898    0x8  Data  Gb  system_stm32f1xx.o [1]
BusFault_Handler        0x0800380f    0x2  Code  Gb  stm32f1xx_it.o [1]
CSTACK$$Base            0x200003a8          --   Gb  - Linker created -
CSTACK$$Limit           0x200007a8          --   Gb  - Linker created -
DebugMon_Handler        0x08003815    0x2  Code  Gb  stm32f1xx_it.o [1]
HAL_Delay               0x0800247d   0x18  Code  Wk  stm32f1xx_hal.o [1]
HAL_GPIO_Init           0x08002681  0x176  Code  Gb  stm32f1xx_hal_gpio.o [1]
HAL_GPIO_ReadPin        0x080027f7    0xc  Code  Gb  stm32f1xx_hal_gpio.o [1]
HAL_GPIO_WritePin       0x08002803    0x8  Code  Gb  stm32f1xx_hal_gpio.o [1]
HAL_GetTick             0x08002477    0x6  Code  Wk  stm32f1xx_hal.o [1]
HAL_IncTick             0x0800246d    0xa  Code  Wk  stm32f1xx_hal.o [1]
HAL_Init                0x08002429   0x20  Code  Gb  stm32f1xx_hal.o [1]
HAL_InitTick            0x08002449   0x24  Code  Wk  stm32f1xx_hal.o [1]
HAL_MspInit             0x0800257d   0x7c  Code  Gb  stm32f1xx_hal_msp.o [1]
HAL_NVIC_SetPriority    0x080024db   0x44  Code  Gb  stm32f1xx_hal_cortex.o [1]
HAL_NVIC_SetPriorityGrouping
                        0x080024c1   0x1a  Code  Gb  stm32f1xx_hal_cortex.o [1]
HAL_RCC_ClockConfig     0x0800223f  0x12e  Code  Gb  stm32f1xx_hal_rcc.o [1]
HAL_RCC_GetHCLKFreq     0x080023bf    0x6  Code  Gb  stm32f1xx_hal_rcc.o [1]
HAL_RCC_GetPCLK1Freq    0x080023c5   0x10  Code  Gb  stm32f1xx_hal_rcc.o [1]
HAL_RCC_GetPCLK2Freq    0x080023d5    0xe  Code  Gb  stm32f1xx_hal_rcc.o [1]
HAL_RCC_GetSysClockFreq
                        0x0800236d   0x52  Code  Gb  stm32f1xx_hal_rcc.o [1]
HAL_RCC_OscConfig       0x08001f7d  0x2ba  Code  Gb  stm32f1xx_hal_rcc.o [1]
HAL_SYSTICK_CLKSourceConfig
                        0x08002547   0x14  Code  Gb  stm32f1xx_hal_cortex.o [1]
HAL_SYSTICK_Callback    0x08002579    0x2  Code  Wk  stm32f1xx_hal_cortex.o [1]
HAL_SYSTICK_Config      0x0800251f   0x28  Code  Gb  stm32f1xx_hal_cortex.o [1]
HAL_SYSTICK_IRQHandler  0x08002571    0x8  Code  Gb  stm32f1xx_hal_cortex.o [1]
HAL_TIMEx_MasterConfigSynchronization
                        0x08002cd1   0x4a  Code  Gb  stm32f1xx_hal_tim_ex.o [1]
HAL_TIM_Base_Init       0x08002ab9   0x1a  Code  Gb  stm32f1xx_hal_tim.o [1]
HAL_TIM_Base_MspInit    0x080025f9   0x22  Code  Gb  stm32f1xx_hal_msp.o [1]
HAL_TIM_Base_Start      0x08002ad3   0x12  Code  Gb  stm32f1xx_hal_tim.o [1]
HAL_TIM_ConfigClockSource
                        0x08002b19   0xb4  Code  Gb  stm32f1xx_hal_tim.o [1]
HAL_UART_Init           0x08002d1d   0x30  Code  Gb  stm32f1xx_hal_uart.o [1]
HAL_UART_MspInit        0x0800261b   0x52  Code  Gb  stm32f1xx_hal_msp.o [1]
HEAP$$Base              0x200007a8          --   Gb  - Linker created -
HEAP$$Limit             0x200009a8          --   Gb  - Linker created -
HardFault_Handler       0x0800380b    0x2  Code  Gb  stm32f1xx_it.o [1]
InStream_Read           0x080033bd   0x22  Code  Lc  packbits_init.o [5]
LoadInt                 0x0800071d   0x6e  Code  Lc  xprintffull.o [3]
MemManage_Handler       0x0800380d    0x2  Code  Gb  stm32f1xx_it.o [1]
NMI_Handler             0x08003809    0x2  Code  Gb  stm32f1xx_it.o [1]
NVIC_GetPriorityGrouping
                        0x0800249d    0xa  Code  Lc  stm32f1xx_hal_cortex.o [1]
NVIC_SetPriority        0x080024a7   0x1a  Code  Lc  stm32f1xx_hal_cortex.o [1]
PendSV_Handler          0x08003817    0x2  Code  Gb  stm32f1xx_it.o [1]
Region$$Table$$Base     0x080037dc          --   Gb  - Linker created -
Region$$Table$$Limit    0x08003808          --   Gb  - Linker created -
SVC_Handler             0x08003813    0x2  Code  Gb  stm32f1xx_it.o [1]
SysTick_Handler         0x08003819    0xe  Code  Gb  stm32f1xx_it.o [1]
SystemClock_Config      0x08002a15   0x70  Code  Gb  main.o [1]
SystemCoreClock         0x200001e4    0x4  Data  Gb  system_stm32f1xx.o [1]
SystemInit              0x080036a9   0x3a  Code  Gb  system_stm32f1xx.o [1]
TIM_Base_SetConfig      0x08002bed   0x56  Code  Gb  stm32f1xx_hal_tim.o [1]
TIM_ETR_SetConfig       0x08002caf   0x14  Code  Lc  stm32f1xx_hal_tim.o [1]
TIM_ITRx_SetConfig      0x08002c9f   0x10  Code  Lc  stm32f1xx_hal_tim.o [1]
TIM_TI1_ConfigInputStage
                        0x08002c59   0x22  Code  Lc  stm32f1xx_hal_tim.o [1]
TIM_TI2_ConfigInputStage
                        0x08002c7b   0x24  Code  Lc  stm32f1xx_hal_tim.o [1]
UART_SetConfig          0x08002d85   0xdc  Code  Lc  stm32f1xx_hal_uart.o [1]
UsageFault_Handler      0x08003811    0x2  Code  Gb  stm32f1xx_it.o [1]
_Close_all              0x08003705   0x58  Code  Gb  xcloseall.o [3]
_EncodingSb_Mbtowc      0x08001e2f   0x30  Code  Gb  xencoding_sb.o [3]
_EncodingSb_Wctomb      0x08001e15   0x1a  Code  Gb  xencoding_sb.o [3]
_Files                  0x200001bc   0x20  Data  Gb  xfiles.o [3]
_Fofree                 0x08003581   0x78  Code  Gb  xfofind.o [3]
_Fspos                  0x080030e9   0xd6  Code  Gb  xfspos.o [3]
_Fwprep                 0x080034a9   0xb6  Code  Gb  xfwprep.o [3]
_GenldFull              0x08000fa7  0x24c  Code  Lc  xprintffull.o [3]
_IsdstStr               0x2000008c    0x4  Data  Gb  setlocale.o [3]
_LdtobFull              0x08000ba5  0x3fc  Code  Lc  xprintffull.o [3]
_LitobFull              0x08000a9d  0x106  Code  Lc  xprintffull.o [3]
_LocaleEncoding         0x08001e01    0xe  Code  Gb  setlocale.o [3]
_LocaleReturnString     0x200000ac   0x50  Data  Lc  setlocale.o [3]
_Locale_Profile         0x20000090   0x1c  Data  Gb  setlocale.o [3]
_Locale_aeabi_lconv     0x20000050   0x38  Data  Gb  localeconv.o [3]
_Locale_lconv           0x20000000   0x50  Data  Gb  localeconv.o [3]
_Mbtowc                 0x0800123b   0x20  Code  Gb  xmbtowc.o [3]
_Nnl                    0x08003271    0xc  Code  Gb  xfgpos.o [3]
_PrintfFull             0x080000ed  0x618  Code  Gb  xprintffull.o [3]
_Prout                  0x0800385b   0x16  Code  Gb  xprout.o [3]
_PutcharsFull           0x080011f3   0x2e  Code  Lc  xprintffull.o [3]
_PutstrFull             0x0800078b  0x30c  Code  Lc  xprintffull.o [3]
_TzoneStr               0x20000088    0x4  Data  Gb  setlocale.o [3]
_Wctomb                 0x080013e1   0x1a  Code  Gb  xwctomb.o [3]
__aeabi_cdcmple         0x08001625         Code  Gb  DblCmpLe.o [4]
__aeabi_cdrcmple        0x08001655         Code  Gb  DblCmpGe.o [4]
__aeabi_d2iz            0x08001791         Code  Gb  DblToI32.o [4]
__aeabi_d2uiz           0x080017bd         Code  Gb  DblToI32.o [4]
__aeabi_ddiv            0x08001b3d         Code  Gb  DblDiv.o [4]
__aeabi_dmul            0x08001999         Code  Gb  DblMul.o [4]
__aeabi_dsub            0x08001819         Code  Gb  DblSub.o [4]
__aeabi_errno_addr      0x080032c9    0x6  Code  Gb  errno.o [3]
__aeabi_f2d             0x08002fb9         Code  Gb  FltToDbl.o [4]
__aeabi_fdiv            0x08002ebd         Code  Gb  FltDiv.o [4]
__aeabi_i2d             0x080017e9         Code  Gb  I32ToDbl.o [4]
__aeabi_i2f             0x08002e8d         Code  Gb  I32ToFlt.o [4]
__aeabi_ldiv0           0x08001ea1         Code  Gb  I64DivZer.o [5]
__aeabi_ui2d            0x080017fd         Code  Gb  I32ToDbl.o [4]
__aeabi_uldivmod        0x080014f5         Code  Gb  I64DivMod.o [5]
__as_entries_start      0xffffffff          --   Gb  command line/config [2]
__as_table_start        0xffffffff          --   Gb  command line/config [2]
__cexit_closeall        0x0800384f         Code  Gb  cexit.o [5]
__close                 0x08003677   0x1a  Code  Gb  close.o [6]
__cmain                 0x08003829         Code  Gb  cmain.o [5]
__cstart_closeall       0x0800394c         Data  Gb  cstart_closeall.o [5]
__data_Aldata           0x20000394    0x8  Data  Gb  xxmemxmalloc.o [3]
__data_GetMemChunk      0x08001e75   0x2c  Code  Gb  xgetmemchunk.o [3]
__dwrite                0x080032e9   0x1e  Code  Gb  dwrite.o [6]
__exit                  0x08003495   0x14  Code  Gb  exit.o [6]
__iar_Dnorm             0x080015e3   0x42  Code  Gb  xdnorm.o [4]
__iar_Dscale            0x08001685  0x10c  Code  Gb  xdscale.o [4]
__iar_Errno             0x200001e8    0x4  Data  Gb  errno.o [3]
__iar_Locale_lconv_init
                        0x08001d85   0x3a  Code  Gb  localeconv.o [3]
__iar_Lockfilelock      0x080032d5    0x2  Code  Gb  xsyslock_nop.o [3]
__iar_Mbcurmax          0x08001325    0xa  Code  Gb  xmbcurmax.o [3]
__iar_Memchr            0x080012cd         Code  Gb  memchr.o [5]
__iar_Stderr            0x2000017c   0x40  Data  Gb  xfiles.o [3]
__iar_Stdin             0x200000fc   0x40  Data  Gb  xfiles.o [3]
__iar_Stdout            0x2000013c   0x40  Data  Gb  xfiles.o [3]
__iar_Strchr            0x0800127d         Code  Gb  strchr.o [5]
__iar_Unlockfilelock    0x080032d7    0x2  Code  Gb  xsyslock_nop.o [3]
__iar_close_ttio        0x08003349   0x2e  Code  Gb  iarttio.o [6]
__iar_d2uiz             0x080017c9         Code  Gb  DblToI32.o [4]
__iar_dadd              0x08001ea5         Code  Gb  DblAdd.o [4]
__iar_data_init3        0x080037b5   0x28  Code  Gb  data_init.o [5]
__iar_dlib_perthread_access
                        0x08001f79    0x2  Code  Gb  xtls.o [3]
__iar_dsub              0x0800182d         Code  Gb  DblSub.o [4]
__iar_dsubStart         0x0800183f         Code  Gb  DblSub.o [4]
__iar_get_ttio          0x08003379   0x38  Code  Gb  iarttio.o [6]
__iar_lookup_ttioh      0x080033b5    0x8  Code  Gb  XShttio.o [3]
__iar_packbits_init3    0x080033df   0xb0  Code  Gb  packbits_init.o [5]
__iar_program_start     0x0800388d         Code  Gb  cstartup_M.o [5]
__iar_sh_Discard        0x08003009   0x44  Code  Gb  XShHandles.o [3]
__iar_sh_Move           0x08003053   0x4c  Code  Gb  XShHandles.o [3]
__iar_sh_Pos            0x0800309f   0x44  Code  Gb  XShHandles.o [3]
__iar_sh_stdout         0x08003307   0x20  Code  Gb  iarwstd.o [6]
__iar_sh_write          0x08003327   0x22  Code  Gb  iarwrite.o [6]
__iar_ttio_handles      0x200001dc    0x8  Data  Lc  XShttio.o [3]
__iar_ui2d              0x08001801         Code  Gb  I32ToDbl.o [4]
__iar_ui2f              0x08002ea1         Code  Gb  I32ToFlt.o [4]
__iar_unaligned___aeabi_memcpy
                        0x080013fd         Code  Gb  ABImemcpy_unaligned.o [5]
__iar_unaligned___aeabi_memcpy4
                        0x0800141d         Code  Gb  ABImemcpy_unaligned.o [5]
__iar_unaligned___aeabi_memcpy8
                        0x0800141d         Code  Gb  ABImemcpy_unaligned.o [5]
__iar_zero_init3        0x0800125b   0x22  Code  Gb  zero_init3.o [5]
__low_level_init        0x08003843    0x4  Code  Gb  low_level_init.o [3]
__lseek                 0x0800327d   0x4c  Code  Gb  lseek.o [6]
__vector_table          0x08000000         Data  Gb  startup_stm32f103xb.o [1]
__write                 0x080032d9   0x10  Code  Gb  write.o [6]
_call_main              0x08003835         Code  Gb  cmain.o [5]
_exit                   0x0800384d         Code  Gb  cexit.o [5]
_main                   0x0800383f         Code  Gb  cmain.o [5]
abort                   0x0800348f    0x6  Code  Gb  abort.o [3]
distance                0x20000270    0x4  Data  Gb  main.o [1]
div                     0x08001df1    0xe  Code  Gb  div.o [3]
ebuf                    0x200002f4   0x50  Data  Lc  xfiles.o [3]
exit                    0x08003847    0x4  Code  Gb  exit.o [3]
fclose                  0x080035fd   0x7a  Code  Gb  fclose.o [3]
fflush                  0x08003237   0x34  Code  Gb  fflush.o [3]
fflushOne               0x080031c1   0x76  Code  Lc  fflush.o [3]
fputc                   0x0800375d   0x56  Code  Gb  fputc.o [3]
free                    0x08001475   0x7a  Code  Gb  xxmemxfree.o [3]
fseek                   0x0800355f   0x22  Code  Gb  fseek.o [3]
htim2                   0x2000022c   0x3c  Data  Gb  main.o [1]
huart1                  0x200001ec   0x40  Data  Gb  main.o [1]
localeconv              0x08001dbf   0x16  Code  Gb  localeconv.o [3]
main                    0x08002841  0x1a6  Code  Gb  main.o [1]
malloc                  0x08001331   0xac  Code  Gb  xxmemxmalloc.o [3]
memchr                  0x080012cd         Code  Gb  memchr.o [5]
obuf                    0x20000344   0x50  Data  Lc  xfiles.o [3]
printf                  0x08002e69   0x24  Code  Gb  printf.o [3]
putchar                 0x08003871    0xc  Code  Gb  putchar.o [3]
remove                  0x08003691   0x16  Code  Gb  remove.o [6]
sFileInfo               0x20000274   0x80  Data  Lc  XShHandles.o [3]
strchr                  0x0800127d         Code  Gb  strchr.o [5]
strlen                  0x08001295         Code  Gb  strlen.o [5]
uwTick                  0x2000039c    0x4  Data  Lc  stm32f1xx_hal.o [1]
v1                      0x20000268    0x4  Data  Gb  main.o [1]
v2                      0x2000026c    0x4  Data  Gb  main.o [1]


[1] = D:\WorkSpace\IAR\HC-SRO4\EWARM\HC-SRO4\Obj
[2] = command line
[3] = dl7M_tlf.a
[4] = m7M_tl.a
[5] = rt7M_tl.a
[6] = shb_l.a

  14 616 bytes of readonly  code memory
     193 bytes of readonly  data memory
   2 468 bytes of readwrite data memory

Errors: none
Warnings: none
