###############################################################################
#
# IAR ELF Linker V8.10.1.12857/W32 for ARM                20/Dec/2017  13:04:51
# Copyright 2007-2017 IAR Systems AB.
#
#    Output file  =  D:\WorkSpace\IAR\HC-SRO4\EWARM\HC-SRO4\Exe\HC-SRO4.out
#    Map file     =  D:\WorkSpace\IAR\HC-SRO4\EWARM\HC-SRO4\List\HC-SRO4.map
#    Command line =  
#        -f C:\Users\^_^\AppData\Local\Temp\EW7543.tmp
#        (D:\WorkSpace\IAR\HC-SRO4\EWARM\HC-SRO4\Obj\gpio.o
#        D:\WorkSpace\IAR\HC-SRO4\EWARM\HC-SRO4\Obj\main.o
#        D:\WorkSpace\IAR\HC-SRO4\EWARM\HC-SRO4\Obj\startup_stm32f103xb.o
#        D:\WorkSpace\IAR\HC-SRO4\EWARM\HC-SRO4\Obj\stm32f1xx_hal.o
#        D:\WorkSpace\IAR\HC-SRO4\EWARM\HC-SRO4\Obj\stm32f1xx_hal_cortex.o
#        D:\WorkSpace\IAR\HC-SRO4\EWARM\HC-SRO4\Obj\stm32f1xx_hal_dma.o
#        D:\WorkSpace\IAR\HC-SRO4\EWARM\HC-SRO4\Obj\stm32f1xx_hal_flash.o
#        D:\WorkSpace\IAR\HC-SRO4\EWARM\HC-SRO4\Obj\stm32f1xx_hal_flash_ex.o
#        D:\WorkSpace\IAR\HC-SRO4\EWARM\HC-SRO4\Obj\stm32f1xx_hal_gpio.o
#        D:\WorkSpace\IAR\HC-SRO4\EWARM\HC-SRO4\Obj\stm32f1xx_hal_gpio_ex.o
#        D:\WorkSpace\IAR\HC-SRO4\EWARM\HC-SRO4\Obj\stm32f1xx_hal_msp.o
#        D:\WorkSpace\IAR\HC-SRO4\EWARM\HC-SRO4\Obj\stm32f1xx_hal_pwr.o
#        D:\WorkSpace\IAR\HC-SRO4\EWARM\HC-SRO4\Obj\stm32f1xx_hal_rcc.o
#        D:\WorkSpace\IAR\HC-SRO4\EWARM\HC-SRO4\Obj\stm32f1xx_hal_rcc_ex.o
#        D:\WorkSpace\IAR\HC-SRO4\EWARM\HC-SRO4\Obj\stm32f1xx_hal_tim.o
#        D:\WorkSpace\IAR\HC-SRO4\EWARM\HC-SRO4\Obj\stm32f1xx_hal_tim_ex.o
#        D:\WorkSpace\IAR\HC-SRO4\EWARM\HC-SRO4\Obj\stm32f1xx_hal_uart.o
#        D:\WorkSpace\IAR\HC-SRO4\EWARM\HC-SRO4\Obj\stm32f1xx_it.o
#        D:\WorkSpace\IAR\HC-SRO4\EWARM\HC-SRO4\Obj\system_stm32f1xx.o
#        D:\WorkSpace\IAR\HC-SRO4\EWARM\HC-SRO4\Obj\tim.o
#        D:\WorkSpace\IAR\HC-SRO4\EWARM\HC-SRO4\Obj\usart.o --redirect
#        _Printf=_PrintfFull --redirect _Scanf=_ScanfFull -o
#        D:\WorkSpace\IAR\HC-SRO4\EWARM\HC-SRO4\Exe\HC-SRO4.out --map
#        D:\WorkSpace\IAR\HC-SRO4\EWARM\HC-SRO4\List\HC-SRO4.map --config
#        D:\WorkSpace\IAR\HC-SRO4\EWARM/stm32f103xb_flash.icf --semihosting
#        --entry __iar_program_start --vfe --text_out locale)
#
###############################################################################

*******************************************************************************
*** RUNTIME MODEL ATTRIBUTES
***

CppFlavor       = *
__Heap_Handler  = Basic
__SystemLibrary = DLib
__dlib_version  = 6


*******************************************************************************
*** HEAP SELECTION
***

The basic heap was selected because no calls to memory allocation
functions were found in the application outside of system library
functions, and there are calls to deallocation functions in the
application.


*******************************************************************************
*** PLACEMENT SUMMARY
***

"A0":  place at 0x08000000 { ro section .intvec };
"P1":  place in [from 0x08000000 to 0x0801ffff] { ro };
"P2":  place in [from 0x20000000 to 0x20004fff] { rw, block CSTACK, block HEAP };
initialize by copy { rw };

  Section            Kind        Address    Size  Object
  -------            ----        -------    ----  ------
"A0":                                       0xec
  .intvec            ro code  0x08000000    0xec  startup_stm32f103xb.o [1]
                            - 0x080000ec    0xec

"P1":                                     0x3539
  .text              ro code  0x080000ec   0xf56  xprintffull.o [3]
  .text              ro code  0x08001042    0x7a  lz77_init_single.o [5]
  .text              ro code  0x080010bc    0x7c  xlocale_c.o [3]
  .text              ro code  0x08001138    0x16  strchr.o [5]
  .text              ro code  0x0800114e    0x1e  xencoding_8859_1.o [3]
  .text              ro code  0x0800116c    0x44  xfail_s.o [3]
  .text              ro code  0x080011b0    0x36  strlen.o [5]
  .text              ro code  0x080011e8    0x58  memchr.o [5]
  .text              ro code  0x08001240     0xa  xmbcurmax.o [3]
  .text              ro code  0x0800124c    0xa6  ABImemcpy.o [5]
  .text              ro code  0x080012f4    0xee  I64DivMod.o [5]
  .text              ro code  0x080013e4   0x1a2  DblMul.o [4]
  .text              ro code  0x08001588    0x70  frexp.o [4]
  .text              ro code  0x080015f8    0x2e  DblCmpLe.o [4]
  .text              ro code  0x08001628    0x2e  DblCmpGe.o [4]
  .text              ro code  0x08001658   0x13a  ldexp.o [4]
  .text              ro code  0x08001794    0x3a  DblToS32.o [4]
  .text              ro code  0x080017d0    0x22  S32ToDbl.o [4]
  .text              ro code  0x080017f4    0xe2  DblSub.o [4]
  .text              ro code  0x080018d8   0x246  DblDiv.o [4]
  .text              ro code  0x08001b20    0x28  DblToU32.o [4]
  .text              ro code  0x08001b48    0x1a  U32ToDbl.o [4]
  .text              ro code  0x08001b62     0xe  div.o [3]
  .text              ro code  0x08001b70     0x6  abort.o [3]
  .text              ro code  0x08001b78     0x2  I64DivZer.o [5]
  .text              ro code  0x08001b7c   0x168  DblAdd.o [4]
  .text              ro code  0x08001ce4    0x14  exit.o [6]
  .text              ro code  0x08001cf8    0x68  iarttio.o [6]
  .text              ro code  0x08001d60     0x8  XShttio.o [3]
  .text              ro code  0x08001d68   0x4d6  stm32f1xx_hal_rcc.o [1]
  .text              ro code  0x08002240     0xc  stm32f1xx_hal.o [1]
  .text              ro code  0x0800224c    0x18  stm32f1xx_hal.o [1]
  .text              ro code  0x08002264    0x24  stm32f1xx_hal.o [1]
  .text              ro code  0x08002288    0xca  stm32f1xx_hal_cortex.o [1]
  .text              ro code  0x08002354   0x1e8  stm32f1xx_hal_tim.o [1]
  .text              ro code  0x0800253c    0x80  tim.o [1]
  .text              ro code  0x080025bc    0xd0  main.o [1]
  .text              ro code  0x0800268c    0x4c  stm32f1xx_hal_tim_ex.o [1]
  .text              ro code  0x080026d8    0x24  stm32f1xx_hal.o [1]
  .text              ro code  0x080026fc   0x10c  gpio.o [1]
  .text              ro code  0x08002808    0x94  usart.o [1]
  .text              ro code  0x0800289c    0x28  printf.o [3]
  .text              ro code  0x080028c4   0x1bc  stm32f1xx_hal_gpio.o [1]
  .text              ro code  0x08002a80    0x84  stm32f1xx_hal_msp.o [1]
  .text              ro code  0x08002b04   0x158  stm32f1xx_hal_uart.o [1]
  .text              ro code  0x08002c5c   0x124  heap0.o [3]
  .text              ro code  0x08002d80    0x2c  xgetmemchunk.o [3]
  .text              ro code  0x08002dac    0xd8  xfspos.o [3]
  .text              ro code  0x08002e84    0xac  fflush.o [3]
  .text              ro code  0x08002f30     0xc  xfgpos.o [3]
  .text              ro code  0x08002f3c    0x4c  lseek.o [6]
  .text              ro code  0x08002f88    0x10  write.o [6]
  .text              ro code  0x08002f98    0xcc  XShHandles.o [3]
  .text              ro code  0x08003064    0x1e  dwrite.o [6]
  .text              ro code  0x08003082    0x20  iarwstd.o [6]
  .text              ro code  0x080030a2    0x22  iarwrite.o [6]
  .text              ro code  0x080030c4    0xb4  xfwprep.o [3]
  .text              ro code  0x08003178    0x24  fseek.o [3]
  .text              ro code  0x0800319c    0x7e  fclose.o [3]
  .text              ro code  0x0800321c    0x7c  xfofind.o [3]
  .text              ro code  0x08003298     0x4  heaptramp0.o [3]
  .text              ro code  0x0800329c    0x1a  close.o [6]
  .text              ro code  0x080032b6    0x16  remove.o [6]
  .text              ro code  0x080032cc    0x5c  system_stm32f1xx.o [1]
  .text              ro code  0x08003328    0x56  fputc.o [3]
  .text              ro code  0x0800337e    0x40  zero_init3.o [5]
  .text              ro code  0x080033c0    0x3c  xcloseall.o [3]
  .text              ro code  0x080033fc    0x28  data_init.o [5]
  .iar.init_table    const    0x08003424    0x20  - Linker created -
  .text              ro code  0x08003444    0x1e  stm32f1xx_it.o [1]
  .text              ro code  0x08003464    0x10  stm32f1xx_hal.o [1]
  .text              ro code  0x08003474    0x1a  cmain.o [5]
  .text              ro code  0x0800348e     0x4  low_level_init.o [3]
  .text              ro code  0x08003492     0x4  exit.o [3]
  .text              ro code  0x08003498     0xe  cexit.o [5]
  .text              ro code  0x080034a6    0x16  xprout.o [3]
  .text              ro code  0x080034bc     0xc  putchar.o [3]
  .text              ro code  0x080034c8    0x10  startup_stm32f103xb.o [1]
  .text              ro code  0x080034d8     0xc  cstartup_M.o [5]
  .rodata            const    0x080034e4     0x8  system_stm32f1xx.o [1]
  .rodata            const    0x080034ec     0x6  xlocale_c.o [3]
  .text              ro code  0x080034f2     0x4  startup_stm32f103xb.o [1]
  .text              ro code  0x080034f6     0x4  startup_stm32f103xb.o [1]
  .text              ro code  0x080034fa     0x4  startup_stm32f103xb.o [1]
  .text              ro code  0x080034fe     0x4  startup_stm32f103xb.o [1]
  .text              ro code  0x08003502     0x4  startup_stm32f103xb.o [1]
  .text              ro code  0x08003506     0x4  startup_stm32f103xb.o [1]
  .text              ro code  0x0800350a     0x4  startup_stm32f103xb.o [1]
  .text              ro code  0x0800350e     0x4  startup_stm32f103xb.o [1]
  .text              ro code  0x08003512     0x4  startup_stm32f103xb.o [1]
  .text              ro code  0x08003516     0x4  startup_stm32f103xb.o [1]
  .text              ro code  0x0800351a     0x4  startup_stm32f103xb.o [1]
  .text              ro code  0x0800351e     0x4  startup_stm32f103xb.o [1]
  .text              ro code  0x08003522     0x4  startup_stm32f103xb.o [1]
  .text              ro code  0x08003526     0x4  startup_stm32f103xb.o [1]
  .text              ro code  0x0800352a     0x4  startup_stm32f103xb.o [1]
  .text              ro code  0x0800352e     0x4  startup_stm32f103xb.o [1]
  .text              ro code  0x08003532     0x4  startup_stm32f103xb.o [1]
  .text              ro code  0x08003536     0x4  startup_stm32f103xb.o [1]
  .text              ro code  0x0800353a     0x4  startup_stm32f103xb.o [1]
  .text              ro code  0x0800353e     0x4  startup_stm32f103xb.o [1]
  .text              ro code  0x08003542     0x4  startup_stm32f103xb.o [1]
  .text              ro code  0x08003546     0x4  startup_stm32f103xb.o [1]
  .text              ro code  0x0800354a     0x4  startup_stm32f103xb.o [1]
  .text              ro code  0x0800354e     0x4  startup_stm32f103xb.o [1]
  .text              ro code  0x08003552     0x4  startup_stm32f103xb.o [1]
  .text              ro code  0x08003556     0x4  startup_stm32f103xb.o [1]
  .text              ro code  0x0800355a     0x4  startup_stm32f103xb.o [1]
  .text              ro code  0x0800355e     0x4  startup_stm32f103xb.o [1]
  .text              ro code  0x08003562     0x4  startup_stm32f103xb.o [1]
  .text              ro code  0x08003566     0x4  startup_stm32f103xb.o [1]
  .text              ro code  0x0800356a     0x4  startup_stm32f103xb.o [1]
  .text              ro code  0x0800356e     0x4  startup_stm32f103xb.o [1]
  .text              ro code  0x08003572     0x4  startup_stm32f103xb.o [1]
  .text              ro code  0x08003576     0x4  startup_stm32f103xb.o [1]
  .text              ro code  0x0800357a     0x4  startup_stm32f103xb.o [1]
  .text              ro code  0x0800357e     0x4  startup_stm32f103xb.o [1]
  .text              ro code  0x08003582     0x4  startup_stm32f103xb.o [1]
  .text              ro code  0x08003586     0x4  startup_stm32f103xb.o [1]
  .text              ro code  0x0800358a     0x4  startup_stm32f103xb.o [1]
  .text              ro code  0x0800358e     0x4  startup_stm32f103xb.o [1]
  .text              ro code  0x08003592     0x4  startup_stm32f103xb.o [1]
  .text              ro code  0x08003596     0x4  startup_stm32f103xb.o [1]
  .text              ro code  0x0800359a     0x4  startup_stm32f103xb.o [1]
  .text              ro code  0x080035a0     0x0  cstart_closeall.o [5]
  .rodata            const    0x080035a0     0x0  zero_init3.o [5]
  .rodata            const    0x080035a0     0x0  lz77_init_single.o [5]
  Initializer bytes  const    0x080035a0    0x85  <for P2-1>
                            - 0x08003625  0x3539

"P2", part 1 of 3:                         0x184
  P2-1                        0x20000000   0x184  <Init block>
    .data            inited   0x20000000     0x4  system_stm32f1xx.o [1]
    .data            inited   0x20000004    0x38  xlocale_c.o [3]
    .data            inited   0x2000003c    0x48  xlocale_c.o [3]
    .data            inited   0x20000084    0x48  xfiles.o [3]
    .data            inited   0x200000cc    0x48  xfiles.o [3]
    .data            inited   0x20000114    0x48  xfiles.o [3]
    .data            inited   0x2000015c    0x20  xfiles.o [3]
    .data            inited   0x2000017c     0x8  XShttio.o [3]
                            - 0x20000184   0x184

"P2", part 2 of 3:                         0x600
  CSTACK                      0x20000188   0x400  <Block>
    CSTACK           uninit   0x20000188   0x400  <Block tail>
  HEAP                        0x20000588   0x200  <Block>
    HEAP             uninit   0x20000588   0x200  <Block tail>
                            - 0x20000788   0x600

"P2", part 3 of 3:                         0x1b0
  .bss               zero     0x20000788    0x80  XShHandles.o [3]
  .bss               zero     0x20000808    0x50  xfiles.o [3]
  .bss               zero     0x20000858    0x50  xfiles.o [3]
  .bss               zero     0x200008a8    0x40  usart.o [1]
  .bss               zero     0x200008e8    0x3c  tim.o [1]
  .bss               zero     0x20000924     0x8  heap0.o [3]
  .bss               zero     0x2000092c     0x4  stm32f1xx_hal.o [1]
  .bss               zero     0x20000930     0x4  xfail_s.o [3]
  .bss               zero     0x20000934     0x4  xgetmemchunk.o [3]
                            - 0x20000938   0x1b0


*******************************************************************************
*** INIT TABLE
***

          Address     Size
          -------     ----
Zero (__iar_zero_init3)
    1 destination range, total size 0x1b0:
          0x20000788  0x1b0

Copy/lz77 (__iar_lz77_init_single3)
    1 source range, total size 0x85 (34% of destination):
          0x080035a0   0x85
    1 destination range, total size 0x184:
          0x20000000  0x184



*******************************************************************************
*** MODULE SUMMARY
***

    Module                  ro code  ro data  rw data
    ------                  -------  -------  -------
D:\WorkSpace\IAR\HC-SRO4\EWARM\HC-SRO4\Obj: [1]
    gpio.o                      268
    main.o                      208
    startup_stm32f103xb.o       424
    stm32f1xx_hal.o             124                 4
    stm32f1xx_hal_cortex.o      202
    stm32f1xx_hal_gpio.o        444
    stm32f1xx_hal_msp.o         132
    stm32f1xx_hal_rcc.o       1 238
    stm32f1xx_hal_tim.o         488
    stm32f1xx_hal_tim_ex.o       76
    stm32f1xx_hal_uart.o        344
    stm32f1xx_it.o               30
    system_stm32f1xx.o           92        9        4
    tim.o                       128                60
    usart.o                     148                64
    -------------------------------------------------
    Total:                    4 346        9      132

command line: [2]
    -------------------------------------------------
    Total:

dl7M_tlf.a: [3]
    XShHandles.o                204               128
    XShttio.o                     8        3        8
    abort.o                       6
    div.o                        14
    exit.o                        4
    fclose.o                    126
    fflush.o                    172
    fputc.o                      86
    fseek.o                      36
    heap0.o                     292                 8
    heaptramp0.o                  4
    low_level_init.o              4
    printf.o                     40
    putchar.o                    12
    xcloseall.o                  60
    xencoding_8859_1.o           30
    xfail_s.o                    68                 4
    xfgpos.o                     12
    xfiles.o                              85      408
    xfofind.o                   124
    xfspos.o                    216
    xfwprep.o                   180
    xgetmemchunk.o               44                 4
    xlocale_c.o                 124       50      128
    xmbcurmax.o                  10
    xprintffull.o             3 926
    xprout.o                     22
    -------------------------------------------------
    Total:                    5 824      138      688

m7M_tl.a: [4]
    DblAdd.o                    360
    DblCmpGe.o                   46
    DblCmpLe.o                   46
    DblDiv.o                    582
    DblMul.o                    418
    DblSub.o                    226
    DblToS32.o                   58
    DblToU32.o                   40
    S32ToDbl.o                   34
    U32ToDbl.o                   26
    frexp.o                     112
    ldexp.o                     314
    -------------------------------------------------
    Total:                    2 262

rt7M_tl.a: [5]
    ABImemcpy.o                 166
    I64DivMod.o                 238
    I64DivZer.o                   2
    cexit.o                      14
    cmain.o                      26
    cstart_closeall.o
    cstartup_M.o                 12
    data_init.o                  40
    lz77_init_single.o          122
    memchr.o                     88
    strchr.o                     22
    strlen.o                     54
    zero_init3.o                 64
    -------------------------------------------------
    Total:                      848

shb_l.a: [6]
    close.o                      26
    dwrite.o                     30
    exit.o                       20
    iarttio.o                   104
    iarwrite.o                   34
    iarwstd.o                    32
    lseek.o                      76
    remove.o                     22
    write.o                      16
    -------------------------------------------------
    Total:                      360

    Gaps                         42
    Linker created                        32    1 536
-----------------------------------------------------
    Grand Total:             13 682      179    2 356


*******************************************************************************
*** ENTRY LIST
***

Entry                      Address   Size  Type      Object
-----                      -------   ----  ----      ------
.iar.init_table$$Base   0x08003424          --   Gb  - Linker created -
.iar.init_table$$Limit  0x08003444          --   Gb  - Linker created -
?main                   0x08003475         Code  Gb  cmain.o [5]
AHBPrescTable           0x08003318   0x10  Data  Gb  system_stm32f1xx.o [1]
APBPrescTable           0x080034e4    0x8  Data  Gb  system_stm32f1xx.o [1]
Aldata                  0x20000924    0x8  Data  Lc  heap0.o [3]
BusFault_Handler        0x0800344b    0x2  Code  Gb  stm32f1xx_it.o [1]
CSTACK$$Base            0x20000188          --   Gb  - Linker created -
CSTACK$$Limit           0x20000588          --   Gb  - Linker created -
CacheMore               0x080010c1   0x24  Code  Lc  xlocale_c.o [3]
DebugMon_Handler        0x08003451    0x2  Code  Gb  stm32f1xx_it.o [1]
Error_Handler           0x08002679    0x2  Code  Gb  main.o [1]
HAL_Delay               0x0800224d   0x18  Code  Wk  stm32f1xx_hal.o [1]
HAL_GPIO_Init           0x080028c5  0x17e  Code  Gb  stm32f1xx_hal_gpio.o [1]
HAL_GPIO_WritePin       0x08002a43    0x8  Code  Gb  stm32f1xx_hal_gpio.o [1]
HAL_GetTick             0x08002241    0xc  Code  Wk  stm32f1xx_hal.o [1]
HAL_IncTick             0x08003465   0x10  Code  Wk  stm32f1xx_hal.o [1]
HAL_Init                0x080026d9   0x20  Code  Gb  stm32f1xx_hal.o [1]
HAL_InitTick            0x08002265   0x24  Code  Wk  stm32f1xx_hal.o [1]
HAL_MspInit             0x08002a81   0x84  Code  Gb  stm32f1xx_hal_msp.o [1]
HAL_NVIC_SetPriority    0x080022bd   0x3a  Code  Gb  stm32f1xx_hal_cortex.o [1]
HAL_NVIC_SetPriorityGrouping
                        0x080022a3   0x1a  Code  Gb  stm32f1xx_hal_cortex.o [1]
HAL_RCC_ClockConfig     0x08002067  0x10c  Code  Gb  stm32f1xx_hal_rcc.o [1]
HAL_RCC_GetHCLKFreq     0x080021d5    0x6  Code  Gb  stm32f1xx_hal_rcc.o [1]
HAL_RCC_GetPCLK1Freq    0x080021db   0x10  Code  Gb  stm32f1xx_hal_rcc.o [1]
HAL_RCC_GetPCLK2Freq    0x080021eb    0xe  Code  Gb  stm32f1xx_hal_rcc.o [1]
HAL_RCC_GetSysClockFreq
                        0x0800219b   0x3a  Code  Gb  stm32f1xx_hal_rcc.o [1]
HAL_RCC_GetSysClockFreq::aPLLMULFactorTable
                        0x0800222c   0x10  Data  Lc  stm32f1xx_hal_rcc.o [1]
HAL_RCC_GetSysClockFreq::aPredivFactorTable
                        0x0800223c    0x2  Data  Lc  stm32f1xx_hal_rcc.o [1]
HAL_RCC_OscConfig       0x08001d69  0x2d8  Code  Gb  stm32f1xx_hal_rcc.o [1]
HAL_SYSTICK_CLKSourceConfig
                        0x0800231f   0x1a  Code  Gb  stm32f1xx_hal_cortex.o [1]
HAL_SYSTICK_Config      0x080022f7   0x28  Code  Gb  stm32f1xx_hal_cortex.o [1]
HAL_SYSTICK_IRQHandler  0x0800234d    0x4  Code  Gb  stm32f1xx_hal_cortex.o [1]
HAL_TIMEx_MasterConfigSynchronization
                        0x0800268d   0x4a  Code  Gb  stm32f1xx_hal_tim_ex.o [1]
HAL_TIM_Base_Init       0x08002355   0x1a  Code  Gb  stm32f1xx_hal_tim.o [1]
HAL_TIM_Base_MspInit    0x08002593   0x22  Code  Gb  tim.o [1]
HAL_TIM_ConfigClockSource
                        0x08002393   0xac  Code  Gb  stm32f1xx_hal_tim.o [1]
HAL_UART_Init           0x08002b05   0x20  Code  Gb  stm32f1xx_hal_uart.o [1]
HAL_UART_MspInit        0x08002839   0x52  Code  Gb  usart.o [1]
HEAP$$Base              0x20000588          --   Gb  - Linker created -
HEAP$$Limit             0x20000788          --   Gb  - Linker created -
HardFault_Handler       0x08003447    0x2  Code  Gb  stm32f1xx_it.o [1]
LoadInt                 0x080002bb   0x7a  Code  Lc  xprintffull.o [3]
MX_GPIO_Init            0x080026fd   0xea  Code  Gb  gpio.o [1]
MX_TIM2_Init            0x0800253d   0x56  Code  Gb  tim.o [1]
MX_USART1_UART_Init     0x08002809   0x30  Code  Gb  usart.o [1]
MemManage_Handler       0x08003449    0x2  Code  Gb  stm32f1xx_it.o [1]
NMI_Handler             0x08003445    0x2  Code  Gb  stm32f1xx_it.o [1]
NVIC_SetPriority        0x08002289   0x1a  Code  Lc  stm32f1xx_hal_cortex.o [1]
PendSV_Handler          0x08003453    0x2  Code  Gb  stm32f1xx_it.o [1]
Region$$Table$$Base     0x08003424          --   Gb  - Linker created -
Region$$Table$$Limit    0x08003444          --   Gb  - Linker created -
SVC_Handler             0x0800344f    0x2  Code  Gb  stm32f1xx_it.o [1]
SysTick_Handler         0x08003455    0xe  Code  Gb  stm32f1xx_it.o [1]
SystemClock_Config      0x0800260b   0x6e  Code  Gb  main.o [1]
SystemCoreClock         0x20000000    0x4  Data  Gb  system_stm32f1xx.o [1]
SystemInit              0x080032cd   0x3a  Code  Gb  system_stm32f1xx.o [1]
TIM_Base_SetConfig      0x08002467   0x56  Code  Gb  stm32f1xx_hal_tim.o [1]
TIM_ETR_SetConfig       0x08002523   0x14  Code  Lc  stm32f1xx_hal_tim.o [1]
TIM_ITRx_SetConfig      0x08002513   0x10  Code  Lc  stm32f1xx_hal_tim.o [1]
TIM_TI1_ConfigInputStage
                        0x080024d1   0x1e  Code  Lc  stm32f1xx_hal_tim.o [1]
TIM_TI2_ConfigInputStage
                        0x080024ef   0x24  Code  Lc  stm32f1xx_hal_tim.o [1]
UART_SetConfig          0x08002b75   0xde  Code  Lc  stm32f1xx_hal_uart.o [1]
UsageFault_Handler      0x0800344d    0x2  Code  Gb  stm32f1xx_it.o [1]
_Close_all              0x080033c1   0x3c  Code  Gb  xcloseall.o [3]
_Encoding_8859_1_Mbrlen
                        0x08001161    0x2  Code  Gb  xencoding_8859_1.o [3]
_Encoding_8859_1_Wctomb
                        0x0800114f   0x12  Code  Gb  xencoding_8859_1.o [3]
_Files                  0x2000015c   0x20  Data  Gb  xfiles.o [3]
_Fofree                 0x0800321d   0x78  Code  Gb  xfofind.o [3]
_Fspos                  0x08002dad   0xd8  Code  Gb  xfspos.o [3]
_Fwprep                 0x080030c5   0xb4  Code  Gb  xfwprep.o [3]
_GenldFull              0x08000d33  0x260  Code  Lc  xprintffull.o [3]
_LdtobFull              0x0800090b  0x3fe  Code  Lc  xprintffull.o [3]
_LitobFull              0x080007bb  0x10a  Code  Lc  xprintffull.o [3]
_Locale_lconv           0x20000004   0x38  Data  Lc  xlocale_c.o [3]
_Nnl                    0x08002f31    0xc  Code  Gb  xfgpos.o [3]
_PrintfFull             0x080000ed  0x1b6  Code  Gb  xprintffull.o [3]
_Prout                  0x080034a7   0x16  Code  Gb  xprout.o [3]
_PutcharsFull           0x08000f93   0x2e  Code  Lc  xprintffull.o [3]
_PutfldFull             0x08000335  0x2d0  Code  Lc  xprintffull.o [3]
_PutstrFull             0x080006fb   0xc0  Code  Lc  xprintffull.o [3]
_PuttxtFull             0x08000605   0xf6  Code  Lc  xprintffull.o [3]
__aeabi_cdcmple         0x080015f9         Code  Gb  DblCmpLe.o [4]
__aeabi_cdrcmple        0x08001629         Code  Gb  DblCmpGe.o [4]
__aeabi_d2iz            0x08001795         Code  Gb  DblToS32.o [4]
__aeabi_d2uiz           0x08001b21         Code  Gb  DblToU32.o [4]
__aeabi_ddiv            0x080018d9         Code  Gb  DblDiv.o [4]
__aeabi_dmul            0x080013e5         Code  Gb  DblMul.o [4]
__aeabi_dsub            0x080017f5         Code  Gb  DblSub.o [4]
__aeabi_i2d             0x080017d1         Code  Gb  S32ToDbl.o [4]
__aeabi_ldiv0           0x08001b79         Code  Gb  I64DivZer.o [5]
__aeabi_memcpy          0x0800124d         Code  Gb  ABImemcpy.o [5]
__aeabi_memcpy4         0x0800126d         Code  Gb  ABImemcpy.o [5]
__aeabi_memcpy8         0x0800126d         Code  Gb  ABImemcpy.o [5]
__aeabi_ui2d            0x08001b49         Code  Gb  U32ToDbl.o [4]
__aeabi_uldivmod        0x080012f5         Code  Gb  I64DivMod.o [5]
__basic_free            0x08002cff   0x7e  Code  Gb  heap0.o [3]
__basic_malloc          0x08002c5d   0xa2  Code  Gb  heap0.o [3]
__cexit_closeall        0x0800349b         Code  Gb  cexit.o [5]
__close                 0x0800329d   0x1a  Code  Gb  close.o [6]
__cmain                 0x08003475         Code  Gb  cmain.o [5]
__cstart_closeall       0x080035a0         Data  Gb  cstart_closeall.o [5]
__data_GetMemChunk      0x08002d81   0x2c  Code  Gb  xgetmemchunk.o [3]
__data_GetMemChunk::start
                        0x20000934    0x4  Data  Lc  xgetmemchunk.o [3]
__dwrite                0x08003065   0x1e  Code  Gb  dwrite.o [6]
__exit                  0x08001ce5   0x14  Code  Gb  exit.o [6]
__iar_Fail_s            0x0800116d   0x1e  Code  Gb  xfail_s.o [3]
__iar_Mbcurmax          0x08001241    0xa  Code  Gb  xmbcurmax.o [3]
__iar_Memchr            0x080011e9         Code  Gb  memchr.o [5]
__iar_Stderr            0x20000114   0x48  Data  Gb  xfiles.o [3]
__iar_Stdin             0x20000084   0x48  Data  Gb  xfiles.o [3]
__iar_Stdout            0x200000cc   0x48  Data  Gb  xfiles.o [3]
__iar_Strchr            0x08001139         Code  Gb  strchr.o [5]
__iar_close_ttio        0x08001cf9   0x2c  Code  Gb  iarttio.o [6]
__iar_dadd              0x08001805         Code  Gb  DblSub.o [4]
__iar_data_init3        0x080033fd   0x28  Code  Gb  data_init.o [5]
__iar_dsub              0x08001b7d         Code  Gb  DblAdd.o [4]
__iar_dsubStart         0x08001b8f         Code  Gb  DblAdd.o [4]
__iar_frexp             0x08001595         Code  Gb  frexp.o [4]
__iar_frexp64           0x08001589         Code  Gb  frexp.o [4]
__iar_frexpl            0x08001595         Code  Gb  frexp.o [4]
__iar_get_ttio          0x08001d25   0x38  Code  Gb  iarttio.o [6]
__iar_globLocale        0x2000003c   0x48  Data  Lc  xlocale_c.o [3]
__iar_global_Locale     0x080010bd    0x4  Code  Gb  xlocale_c.o [3]
__iar_ldexp64           0x08001659         Code  Gb  ldexp.o [4]
__iar_lookup_ttioh      0x08001d61    0x8  Code  Gb  XShttio.o [3]
__iar_lz77_init_single3
                        0x08001043   0x7a  Code  Gb  lz77_init_single.o [5]
__iar_program_start     0x080034d9         Code  Gb  cstartup_M.o [5]
__iar_scalbln64         0x08001659         Code  Gb  ldexp.o [4]
__iar_scalbn64          0x08001659         Code  Gb  ldexp.o [4]
__iar_sh_Discard        0x08002f99   0x42  Code  Gb  XShHandles.o [3]
__iar_sh_Move           0x08002fdb   0x46  Code  Gb  XShHandles.o [3]
__iar_sh_Pos            0x08003021   0x3e  Code  Gb  XShHandles.o [3]
__iar_sh_stdout         0x08003083   0x20  Code  Gb  iarwstd.o [6]
__iar_sh_write          0x080030a3   0x22  Code  Gb  iarwrite.o [6]
__iar_systems$$module {Abs}
                        0x00000001         Data  Gb  command line/config [2]
__iar_ttio_handles      0x2000017c    0x8  Data  Lc  XShttio.o [3]
__iar_zero_init3        0x0800337f   0x40  Code  Gb  zero_init3.o [5]
__low_level_init        0x0800348f    0x4  Code  Gb  low_level_init.o [3]
__lseek                 0x08002f3d   0x4c  Code  Gb  lseek.o [6]
__vector_table          0x08000000         Data  Gb  startup_stm32f103xb.o [1]
__write                 0x08002f89   0x10  Code  Gb  write.o [6]
_call_main              0x08003481         Code  Gb  cmain.o [5]
_exit                   0x08003499         Code  Gb  cexit.o [5]
_gLocale_mblen          0x08001121    0x4  Code  Gb  xlocale_c.o [3]
_gLocale_mblenInt       0x080010e5   0x2c  Code  Gb  xlocale_c.o [3]
_gLocale_wctomb         0x08001125    0x4  Code  Gb  xlocale_c.o [3]
_gLocale_wctombInt      0x0800111d    0x4  Code  Gb  xlocale_c.o [3]
_main                   0x0800348b         Code  Gb  cmain.o [5]
abort                   0x08001b71    0x6  Code  Gb  abort.o [3]
div                     0x08001b63    0xe  Code  Gb  div.o [3]
ebuf                    0x20000808   0x50  Data  Lc  xfiles.o [3]
exit                    0x08003493    0x4  Code  Gb  exit.o [3]
fclose                  0x0800319d   0x7e  Code  Gb  fclose.o [3]
fflush                  0x08002ef9   0x34  Code  Gb  fflush.o [3]
fflushOne               0x08002e85   0x74  Code  Lc  fflush.o [3]
fputc                   0x08003329   0x56  Code  Gb  fputc.o [3]
free                    0x08003299    0x4  Code  Gb  heaptramp0.o [3]
frexp                   0x08001589         Code  Gb  frexp.o [4]
frexpl                  0x08001589         Code  Gb  frexp.o [4]
fseek                   0x08003179   0x24  Code  Gb  fseek.o [3]
htim2                   0x200008e8   0x3c  Data  Gb  tim.o [1]
huart1                  0x200008a8   0x40  Data  Gb  usart.o [1]
ldexp                   0x08001659         Code  Gb  ldexp.o [4]
ldexpl                  0x08001659         Code  Gb  ldexp.o [4]
localeconv              0x08001129    0x4  Code  Gb  xlocale_c.o [3]
main                    0x080025bd   0x3e  Code  Gb  main.o [1]
memchr                  0x080011e9         Code  Gb  memchr.o [5]
obuf                    0x20000858   0x50  Data  Lc  xfiles.o [3]
printf                  0x0800289d   0x28  Code  Gb  printf.o [3]
putchar                 0x080034bd    0xc  Code  Gb  putchar.o [3]
remove                  0x080032b7   0x16  Code  Gb  remove.o [6]
sFileInfo               0x20000788   0x80  Data  Lc  XShHandles.o [3]
scalbln                 0x08001659         Code  Gb  ldexp.o [4]
scalblnl                0x08001659         Code  Gb  ldexp.o [4]
scalbn                  0x08001659         Code  Gb  ldexp.o [4]
scalbnl                 0x08001659         Code  Gb  ldexp.o [4]
scale                   0x080008c5   0x46  Code  Lc  xprintffull.o [3]
sec_hand                0x20000930    0x4  Data  Lc  xfail_s.o [3]
strchr                  0x08001139         Code  Gb  strchr.o [5]
strlen                  0x080011b1         Code  Gb  strlen.o [5]
uwTick                  0x2000092c    0x4  Data  Lc  stm32f1xx_hal.o [1]


[1] = D:\WorkSpace\IAR\HC-SRO4\EWARM\HC-SRO4\Obj
[2] = command line
[3] = dl7M_tlf.a
[4] = m7M_tl.a
[5] = rt7M_tl.a
[6] = shb_l.a

  13 682 bytes of readonly  code memory
     179 bytes of readonly  data memory
   2 356 bytes of readwrite data memory

Errors: none
Warnings: none
